<!DOCTYPE HTML PUBLIC "-//IETF//DTD HTML//EN">

<HTML>
    <HEAD>
        <TITLE>
            <!-- Please supply a descriptive title here -->
        </TITLE>
        <!-- Please supply a correct e-mail address here -->
        <LINK REV="made" HREF="mailto:beebe@plot79.math.utah.edu">
    </HEAD>
    <BODY>
    </BODY>
</HTML>
