<!-- From: http://ojps.aip.org/journal_cgi/dbt?KEY=JMAPAQ&Volume=40&Issue=10 -->
<!-- (Journal of Mathematical Physics v40 n10 October 1999) -->
<STRONG>The effective <IMG BORDER=0 SRC="/stockgif2/sgr.gif" ALT="<i">
sigma</I> &quot; align=&quot;bottom&quot;&gt;-model of multidimensional
gravity</STRONG><BR>
