<!DOCTYPE HTML PUBLIC "-//IETF//DTD HTML//EN">
<HTML>
    <HEAD>
        <TITLE>
            <!-- Please supply a descriptive title here -->
        </TITLE>
        <!-- Please supply a correct e-mail address here -->
        <LINK REV="made" HREF="mailto:beebe@plot79.math.utah.edu">
    </HEAD>
    <BODY>
<PRE>
200  128  0x80: Ä
This 
	is 
		a 
			test
				file
					that 
						should
							be
						processed 
					with
				-keep-format
			for
		verbatim
	file
inclusion.

This looks like an HTML tag, but is not: &lt;NOT-A-TAG&gt;

This is an amperand: &amp;

This is a left angle bracket: &lt;

This is a right angle bracket: &gt;

This is a quote character: &quot;

This is a quoted string: &quot;Hi, I'm inside quotes&quot;.

This string has nested quotes: &quot;This is &quot;quotes&quot; inside quotes&quot;.

This string has nested paired quotes: &quot;This is &quot;&quot;quotes&quot;&quot; inside quotes&quot;.

This looks like an SGML ampersand entity, but is not: &amp;amp;

This looks like an SGML left-angle-bracket entity, but is not: &amp;lt;

This looks like an SGML right-angle-bracket entity, but is not: &amp;gt;

This looks like an SGML quote entity, but is not: &amp;quot;

This looks like an SGML numeric entity, but is not: &amp;#34;

These lines should raise warnings, since they contain non-ASCII characters.

177  127  0x7f: 
200  128  0x80: Ä
201  129  0x81: Å
202  130  0x82: Ç
203  131  0x83: É
204  132  0x84: Ñ
205  133  0x85: Ö
206  134  0x86: Ü
207  135  0x87: á
210  136  0x88: à
211  137  0x89: â
212  138  0x8a: ä
213  139  0x8b: ã
214  140  0x8c: å
215  141  0x8d: ç
216  142  0x8e: é
217  143  0x8f: è
220  144  0x90: ê
221  145  0x91: ë
222  146  0x92: í
223  147  0x93: ì
224  148  0x94: î
225  149  0x95: ï
226  150  0x96: ñ
227  151  0x97: ó
230  152  0x98: ò
231  153  0x99: ô
232  154  0x9a: ö
233  155  0x9b: õ
234  156  0x9c: ú
235  157  0x9d: ù
236  158  0x9e: û
237  159  0x9f: ü
240  160  0xa0: †
241  161  0xa1: °
242  162  0xa2: ¢
243  163  0xa3: £
244  164  0xa4: §
245  165  0xa5: •
246  166  0xa6: ¶
247  167  0xa7: ß
250  168  0xa8: ®
251  169  0xa9: ©
252  170  0xaa: ™
253  171  0xab: ´
254  172  0xac: ¨
255  173  0xad: ≠
256  174  0xae: Æ
257  175  0xaf: Ø
260  176  0xb0: ∞
261  177  0xb1: ±
262  178  0xb2: ≤
263  179  0xb3: ≥
264  180  0xb4: ¥
265  181  0xb5: µ
266  182  0xb6: ∂
267  183  0xb7: ∑
270  184  0xb8: ∏
271  185  0xb9: π
272  186  0xba: ∫
273  187  0xbb: ª
274  188  0xbc: º
275  189  0xbd: Ω
276  190  0xbe: æ
277  191  0xbf: ø
300  192  0xc0: ¿
301  193  0xc1: ¡
302  194  0xc2: ¬
303  195  0xc3: √
304  196  0xc4: ƒ
305  197  0xc5: ≈
306  198  0xc6: ∆
307  199  0xc7: «
310  200  0xc8: »
311  201  0xc9: …
312  202  0xca:  
313  203  0xcb: À
314  204  0xcc: Ã
315  205  0xcd: Õ
316  206  0xce: Œ
317  207  0xcf: œ
320  208  0xd0: –
321  209  0xd1: —
322  210  0xd2: “
323  211  0xd3: ”
324  212  0xd4: ‘
325  213  0xd5: ’
326  214  0xd6: ÷
327  215  0xd7: ◊
330  216  0xd8: ÿ
331  217  0xd9: Ÿ
332  218  0xda: ⁄
333  219  0xdb: €
334  220  0xdc: ‹
335  221  0xdd: ›
336  222  0xde: ﬁ
337  223  0xdf: ﬂ
340  224  0xe0: ‡
341  225  0xe1: ·
342  226  0xe2: ‚
343  227  0xe3: „
344  228  0xe4: ‰
345  229  0xe5: Â
346  230  0xe6: Ê
347  231  0xe7: Á
350  232  0xe8: Ë
351  233  0xe9: È
352  234  0xea: Í
353  235  0xeb: Î
354  236  0xec: Ï
355  237  0xed: Ì
356  238  0xee: Ó
357  239  0xef: Ô
360  240  0xf0: 
361  241  0xf1: Ò
362  242  0xf2: Ú
363  243  0xf3: Û
364  244  0xf4: Ù
365  245  0xf5: ı
366  246  0xf6: ˆ
367  247  0xf7: ˜
370  248  0xf8: ¯
371  249  0xf9: ˘
372  250  0xfa: ˙
373  251  0xfb: ˚
374  252  0xfc: ¸
375  253  0xfd: ˝
376  254  0xfe: ˛
377  255  0xff: ˇ
</PRE>
    </BODY>
</HTML>
