<!DOCTYPE HTML PUBLIC "-//W3C//DTD HTML 3.2//EN">

<HTML>
    <HEAD>
        <TITLE>
            <!-- Please supply a descriptive title here -->
        </TITLE>
        <LINK REV="made" HREF="mailto:beebe@plot79.math.utah.edu">
    </HEAD>
    <BODY>
<PLAINTEXT>
blah blah
</PLAINTEXT>
    </BODY>
</HTML>

